 gcc -g p1final.c
 ./a.out
enter two numbers
 3 4
3+4 is 7
 gdb a.out
GNU gdb (Ubuntu 8.1.1-0ubuntu1) 8.1.1
Copyright (C) 2018 Free Software Foundation, Inc.
License GPLv3+: GNU GPL version 3 or later <http://gnu.org/licenses/gpl.html>
This is free software: you are free to change and redistribute it.
There is NO WARRANTY, to the extent permitted by law.  Type "show copying"
and "show warranty" for details.
This GDB was configured as "x86_64-linux-gnu".
Type "show configuration" for configuration details.
For bug reporting instructions, please see:
<http://www.gnu.org/software/gdb/bugs/>.
Find the GDB manual and other documentation resources online at:
<http://www.gnu.org/software/gdb/documentation/>.
For help, type "help".
Type "apropos word" to search for commands related to "word"...
Reading symbols from a.out...done.
(gdb) b main
Breakpoint 1 at 0x772: file p1final.c, line 4.
(gdb) r
Starting program: /home/runner/pps-test1-sachinmeti-1/a.out 
warning: Error disabling address space randomization: Operation not permitted

Breakpoint 1, main () at p1final.c:4
4   {
(gdb) n
6     printf("enter two numbers\n");
(gdb) n
enter two numbers
7     scanf("%d%d",&a,&b);
(gdb) n
6 7
8     c=a+b;
(gdb) n
9     printf("%d+%d is %d\n",a,b,c);
(gdb) n
6+7 is 13
10    return 0;  
(gdb) n
11  }
(gdb) n
__libc_start_main (main=0x560302a0076a <main>, argc=1, argv=0x7ffd5a60a848, 
    init=<optimized out>, fini=<optimized out>, rtld_fini=<optimized out>, 
    stack_end=0x7ffd5a60a838) at ../csu/libc-start.c:344
344 ../csu/libc-start.c: No such file or directory.
(gdb) 